xjl-amisupport      amiutils
xjl-aptutils        coolapt
xjl-autover         autover
xjl-bash-aliases    bash-aliases
xjl-bash-shlib      bash-shlib
xjl-cdtree          cdtree
xjl-configutils     configutils
xjl-coolansi        coolansi
xjl-coolauto        coolauto
xjl-coolbash        bash-enh
xjl-coolberkeley    db-utils-xjl
xjl-coolcd          debiancd-utils
xjl-coolchm         mkchm
xjl-coolclip        coolclip
xjl-coolcmd         coolcmd
xjl-cooldeb         cooldeb
xjl-cooldiff        diffcat
xjl-cooldns         bind-pref-xjl
xjl-cooleclipse     eclipse-enh
xjl-coolemacs       emacs-pref-xjl xjl-coolet          esperanto-dict
xjl-coolgen         coolgen
xjl-coolgit         git-enh
xjl-coolgpg         gpg-enh
xjl-coolgrub        grub-enh
xjl-coolhex         coolhex
xjl-coolldap        coolldap
xjl-coollog         coollog
xjl-coolmake        coolmake
xjl-coolmaven       coolmaven
xjl-coolphp         php-site-utils
xjl-coolpython      python-enh
xjl-coolsox         sox-enh
xjl-coolspec        coolspec
xjl-coolssh         ssh-enh
xjl-cools-term      cools-term
xjl-coolsvn         svn-enh
xjl-coolsync        msync
xjl-cooltask        cooltask
xjl-cooltex         cooltex
xjl-cooltext        cooltext
xjl-cooltruecrypt   truecrypt-enh
xjl-coolusers       users-pref-xjl
xjl-coolutils       coolutils
xjl-coolvbox        virtualbox-enh
xjl-coolvim         vim-enh
xjl-coolwget        wget-enh
xjl-coolwine        wine-enh
xjl-coolx11         compiz-pref-xjl
xjl-coolz           coolz
xjl-coretext        grepl
xjl-dejar           dejar
xjl-desktoputils    desktoputils
xjl-dlocal          dlocal
xjl-file-ini        ini-utils
xjl-fileutils       fileutils-xjl
xjl-fsutils         vexmount
xjl-laxar           laxar
xjl-libcmt          libcmt-perl
xjl-libm4           libm4-xjl
xjl-mountfile       mountfile
xjl-netutils        nameutils
xjl-optalts         opt-alternatives-pref-xjl
xjl-patchbuild      patchbuild
xjl-perlutils       whichm
xjl-pinyin          pinyin-pref-xjl
xjl-security        usecode
xjl-sshproxy        sshproxy-z
xjl-startup         sources-pref-xjl
xjl-svnguis         svn-enh-gui
xjl-treeutils       2tree
xjl-whoare          whoare
xjl-x509utils       x509utils
xjl-xmlutils        xmlutils
xjl-yapp            yapp-enh
empathy-autostart   empathy-enh
xjl-keychain        x509utils
